{
  "id": "test-phenopacket-v2-001",
  "subject": {
    "id": "patient-a01",
    "sex": "UNKNOWN_SEX"
  },
  "phenotypicFeatures": [
    {
      "type": {
        "id": "HP:0000121",
        "label": "Nephrocalcinosis"
      },
      "onset": {
        "timestamp": "2022-10-31T00:00:00Z"
      }
    },
    {
      "modifiers": [
        {
          "id": "HP:0025710",
          "label": "Late young adult onset"
        },
        {
          "id": "HP:0031796",
          "label": "Recurrent"
        }
      ],
      "type": {
        "id": "HP:0000787",
        "label": "Nephrolithiasis"
      },
      "onset": {
        "timestamp": "2022-10-31T00:00:00Z"
      }
    },
    {
      "type": {
        "id": "HP:0000790",
        "label": "Hematuria"
      },
      "onset": {
        "timestamp": "2022-10-31T00:00:00Z"
      }
    },
    {
      "type": {
        "id": "HP:0000819",
        "label": "Diabetes mellitus"
      },
      "onset": {
        "timestamp": "2022-10-31T00:00:00Z"
      },
      "excluded": 1
    },
    {
      "type": {
        "id": "HP:0000822",
        "label": "Hypertension"
      },
      "onset": {
        "timestamp": "2022-10-31T00:00:00Z"
      }
    },
    {
      "type": {
        "id": "HP:0001513",
        "label": "Obesity"
      },
      "onset": {
        "timestamp": "2022-10-31T00:00:00Z"
      },
      "excluded": 1
    },
    {
      "type": {
        "id": "HP:0002150",
        "label": "Hypercalciuria"
      },
      "onset": {
        "timestamp": "2022-10-31T00:00:00Z"
      },
      "excluded": 1
    },
    {
      "type": {
        "id": "HP:0003119",
        "label": "Abnormal circulating lipid concentration"
      },
      "onset": {
        "timestamp": "2022-10-31T00:00:00Z"
      },
      "excluded": 1
    },
    {
      "type": {
        "id": "HP:0003159",
        "label": "Hyperoxaluria"
      },
      "onset": {
        "timestamp": "2022-10-31T00:00:00Z"
      }
    },
    {
      "type": {
        "id": "HP:0011037",
        "label": "Decreased urine output"
      },
      "onset": {
        "timestamp": "2022-10-31T00:00:00Z"
      },
      "excluded": 1
    },
    {
      "type": {
        "id": "HP:0012053",
        "label": "Decreased circulating calcifediol concentration"
      },
      "onset": {
        "timestamp": "2022-10-31T00:00:00Z"
      }
    },
    {
      "type": {
        "id": "HP:0012405",
        "label": "Hypocitraturia"
      },
      "onset": {
        "timestamp": "2022-10-31T00:00:00Z"
      }
    },
    {
      "type": {
        "id": "HP:0012604",
        "label": "Hyponatriuria"
      },
      "onset": {
        "timestamp": "2022-10-31T00:00:00Z"
      },
      "excluded": 1
    },
    {
      "type": {
        "id": "HP:0012605",
        "label": "Hypernatriuria"
      },
      "onset": {
        "timestamp": "2022-10-31T00:00:00Z"
      },
      "excluded": 1
    },
    {
      "type": {
        "id": "HP:0012625",
        "label": "Stage 3 chronic kidney disease"
      },
      "onset": {
        "timestamp": "2022-10-31T00:00:00Z"
      }
    },
    {
      "type": {
        "id": "HP:0025502",
        "label": "Overweight"
      },
      "onset": {
        "timestamp": "2022-10-31T00:00:00Z"
      },
      "excluded": 1
    },
    {
      "type": {
        "id": "HP:0031415",
        "label": "High serum calcitriol"
      },
      "onset": {
        "timestamp": "2022-10-31T00:00:00Z"
      },
      "excluded": 1
    },
    {
      "type": {
        "id": "HP:0032316",
        "label": "Family history"
      },
      "onset": {
        "timestamp": "2022-10-31T00:00:00Z"
      },
      "excluded": 1
    },
    {
      "type": {
        "id": "HP:0032943",
        "label": "Abnormal urine pH"
      },
      "onset": {
        "timestamp": "2022-10-31T00:00:00Z"
      },
      "excluded": 1
    },
    {
      "type": {
        "id": "HP:0033065",
        "label": "Mild albuminuria"
      },
      "onset": {
        "timestamp": "2022-10-31T00:00:00Z"
      }
    },
    {
      "type": {
        "id": "HP:0100512",
        "label": "Decreased circulating vitamin D concentration"
      },
      "onset": {
        "timestamp": "2022-10-31T00:00:00Z"
      },
      "excluded": 1
    }
  ],
  "diseases": [
    {
      "term": {
        "id": "NCBI:1286",
        "label": "COL4A4"
      },
      "onset": {
        "timestamp": "2022-10-31T00:00:00Z"
      }
    }
  ],
  "metaData": {
    "created": "2023-01-15T12:30:00Z",
    "createdBy": "test-curator",
    "resources": [
      {
        "id": "hp",
        "name": "human phenotype ontology",
        "url": "http://purl.obolibrary.org/obo/hp.obo",
        "version": "2025-03-03",
        "namespacePrefix": "HP",
        "iriPrefix": "http://purl.obolibrary.org/obo/HP_"
      }
    ],
    "phenopacketSchemaVersion": "2.0"
  }
}
