{
	"id":"test-phenopacket-v2-003",
	"subject":{
		"id":"patient-c03",
		"sex":"UNKNOWN_SEX"
	},
	"phenotypicFeatures":[
		{
			"modifiers":[
				{
					"id":"HP:0025710",
					"label":"Late young adult onset"
				},
				{
					"id":"HP:0031375",
					"label":"Refractory"
				}
			],
			"type":{
				"id":"HP:0000787",
				"label":"Nephrolithiasis"
			},
			"onset":{
				"timestamp":"2024-03-04T00:00:00Z"
			}
		},
		{
			"type":{
				"id":"HP:0000819",
				"label":"Diabetes mellitus"
			},
			"onset":{
				"timestamp":"2024-03-04T00:00:00Z"
			},
			"excluded":1
		},
		{
			"type":{
				"id":"HP:0000822",
				"label":"Hypertension"
			},
			"onset":{
				"timestamp":"2024-03-04T00:00:00Z"
			},
			"excluded":1
		},
		{
			"type":{
				"id":"HP:0002028",
				"label":"Chronic diarrhea"
			},
			"onset":{
				"timestamp":"2024-03-04T00:00:00Z"
			},
			"excluded":1
		},
		{
			"type":{
				"id":"HP:0002037",
				"label":"Inflammation of the large intestine"
			},
			"onset":{
				"timestamp":"2024-03-04T00:00:00Z"
			},
			"excluded":1
		},
		{
			"type":{
				"id":"HP:0003124",
				"label":"Hypercholesterolemia"
			},
			"onset":{
				"timestamp":"2024-03-04T00:00:00Z"
			},
			"excluded":1
		},
		{
			"type":{
				"id":"HP:0003745",
				"label":"Sporadic"
			},
			"onset":{
				"timestamp":"2024-03-04T00:00:00Z"
			}
		},
		{
			"type":{
				"id":"HP:0012592",
				"label":"Albuminuria"
			},
			"onset":{
				"timestamp":"2024-03-04T00:00:00Z"
			},
			"excluded":1
		},
		{
			"type":{
				"id":"HP:0012622",
				"label":"Chronic kidney disease"
			},
			"onset":{
				"timestamp":"2024-03-04T00:00:00Z"
			},
			"excluded":1
		},
		{
			"type":{
				"id":"HP:4000112",
				"label":"Medication history"
			},
			"onset":{
				"timestamp":"2024-03-04T00:00:00Z"
			},
			"excluded":1
		},
		{
			"type":{
				"id":"HP:4000124",
				"label":"High dietary oxalate intake"
			},
			"onset":{
				"timestamp":"2024-03-04T00:00:00Z"
			},
			"excluded":1
		},
		{
			"type":{
				"id":"HP:0000787",
				"label":"Nephrolithiasis"
			},
			"onset":{
				"timestamp":"2021-01-01T00:00:00Z"
			}
		},
		{
			"type":{
				"id":"HP:0030157",
				"label":"Flank pain"
			},
			"onset":{
				"timestamp":"2019-01-01T00:00:00Z"
			}
		},
		{
			"type":{
				"id":"HP:0012587",
				"label":"Macroscopic hematuria"
			},
			"onset":{
				"timestamp":"2001-01-01T00:00:00Z"
			}
		}
	],
	"metaData":{
		"created":"2023-03-10T15:20:00Z",
		"createdBy":"test-curator",
		"resources":[
			{
				"id":"hp",
				"name":"human phenotype ontology",
				"url":"http://purl.obolibrary.org/obo/hp.obo",
				"version":"2025-03-03",
				"namespacePrefix":"HP",
				"iriPrefix":"http://purl.obolibrary.org/obo/HP_"
			}
		],
		"phenopacketSchemaVersion":"2.0"
	}
}
